digraph G {
        graph [fontname = "helvetica"];
        node [fontname = "helvetica"];
        edge [fontname = "helvetica"];
        node [shape=none];
        
"Test" [label=<
                    <table border="3" cellborder="0" cellspacing="1" style='rounded'  bgcolor='#ffffcc'>
                    <tr><td><b>Test        </b></td></tr><hr/><tr><td align="left">id: int</td></tr><tr><td align="left">name: string</td></tr><tr><td align="right"><font color="#0000ff" point-size="8"> POST GET</font></td></tr>"}</table>>];
}
