{
  "$id": "https://schemas.liveramp.com/noroot",
  "$schema": "http://json-schema.org/draft-07/schema#",
  "definitions": {
    "TestInput": {
      "type": "object",
      "properties": {
        "name": {
          "type": "string"
        }
      },
      "required": [
        "name"
      ]
    },
    "TestOutput": {
      "type": "object",
      "properties": {
        "id": {
          "type": "integer",
          "format": "int32"
        },
        "name": {
          "type": "string"
        }
      },
      "required": [
        "id",
        "name"
      ]
    },
    "StandardError": {
      "type": "object",
      "properties": {
        "httpStatus": {
          "description": "HTTP error status code for this problem",
          "type": "integer",
          "format": "int32"
        },
        "errorCode": {
          "description": "Service specific error code, more granular",
          "type": "string"
        },
        "message": {
          "description": "General, human readable error message",
          "type": "string"
        }
      },
      "required": [
        "httpStatus",
        "errorCode",
        "message"
      ]
    }
  }
}
