{
  "$id": "https://schemas.liveramp.com/noroot",
  "$schema": "http://json-schema.org/draft-07/schema#",
  "definitions": {
    "SimpleResourceInput": {
      "type": "object",
      "properties": {
        "name": {
          "type": "string"
        }
      },
      "required": [
        "name"
      ],
      "description": "A simple REST resource"
    },
    "SimpleResourceOutput": {
      "type": "object",
      "properties": {
        "id": {
          "type": "string"
        },
        "name": {
          "type": "string"
        }
      },
      "required": [
        "id",
        "name"
      ],
      "description": "A simple REST resource"
    },
    "v2TestResourceInput": {
      "type": "object",
      "properties": {
        "name": {
          "type": "string"
        },
        "number": {
          "type": "integer",
          "format": "int32"
        }
      },
      "required": [
        "name"
      ],
      "description": "A test REST resource"
    },
    "v2TestResourceOutput": {
      "type": "object",
      "properties": {
        "id": {
          "type": "integer",
          "format": "int32"
        },
        "name": {
          "type": "string"
        },
        "number": {
          "type": "integer",
          "format": "int32"
        }
      },
      "required": [
        "id",
        "name"
      ],
      "description": "A test REST resource"
    },
    "v2TestResourceFooInput": {
      "type": "object",
      "properties": {
        "address": {
          "items": {
            "type": "string"
          },
          "type": "array"
        }
      },
      "required": [
        "address"
      ],
      "description": "A REST subresource"
    },
    "v2TestResourceFoo2Input": {
      "type": "object",
      "properties": {
        "address": {
          "items": {
            "type": "string"
          },
          "type": "array"
        }
      },
      "required": [
        "address"
      ]
    },
    "v2TestResourceFoo2Output": {
      "type": "object",
      "properties": {
        "id": {
          "type": "integer",
          "format": "int32"
        },
        "address": {
          "items": {
            "type": "string"
          },
          "type": "array"
        }
      },
      "required": [
        "id",
        "address"
      ]
    },
    "StandardError": {
      "type": "object",
      "properties": {
        "httpStatus": {
          "description": "HTTP error status code for this problem",
          "type": "integer",
          "format": "int32"
        },
        "errorCode": {
          "description": "Service specific error code, more granular",
          "type": "string"
        },
        "message": {
          "description": "General, human readable error message",
          "type": "string"
        }
      },
      "required": [
        "httpStatus",
        "errorCode",
        "message"
      ]
    }
  }
}
