{
  "namespace": {
    "comment": "API for simple events",
    "title": "Simple events",
    "version": "0.0.1"
  },
  "definitions": [
    {
      "kind": "resource-like",
      "future": false,
      "singleton": false,
      "type": "resource",
      "attributes": [
        {
          "name": "id",
          "stringMap": false,
          "type": {
            "parents": [],
            "short": "string",
            "name": "string",
            "parentShort": "",
            "parentName": ""
          },
          "inline": false,
          "linked": false,
          "modifiers": {
            "mutable": false,
            "optional": false,
            "optionalPost": false,
            "optionalPut": false,
            "optionalGet": false,
            "output": false,
            "queryonly": false,
            "query": false,
            "representation": false
          },
          "constraints": {}
        },
        {
          "name": "name",
          "stringMap": false,
          "type": {
            "parents": [],
            "short": "string",
            "name": "string",
            "parentShort": "",
            "parentName": ""
          },
          "inline": false,
          "linked": false,
          "modifiers": {
            "mutable": false,
            "optional": false,
            "optionalPost": false,
            "optionalPut": false,
            "optionalGet": false,
            "output": false,
            "queryonly": false,
            "query": false,
            "representation": false
          },
          "constraints": {}
        }
      ],
      "operations": [
        {
          "operation": "POST",
          "errors": []
        },
        {
          "operation": "GET",
          "errors": []
        },
        {
          "operation": "EVENTS",
          "errors": []
        }
      ],
      "parents": [],
      "short": "SimpleResource",
      "name": "SimpleResource",
      "parentShort": "",
      "parentName": "",
      "secondary": false,
      "file": "events.reslang"
    },
    {
      "kind": "resource-like",
      "future": false,
      "singleton": false,
      "type": "resource",
      "attributes": [
        {
          "name": "id",
          "stringMap": false,
          "type": {
            "parents": [],
            "short": "int",
            "name": "int",
            "parentShort": "",
            "parentName": ""
          },
          "inline": false,
          "linked": false,
          "modifiers": {
            "mutable": false,
            "optional": false,
            "optionalPost": false,
            "optionalPut": false,
            "optionalGet": false,
            "output": false,
            "queryonly": false,
            "query": false,
            "representation": false
          },
          "constraints": {}
        },
        {
          "name": "name",
          "stringMap": false,
          "type": {
            "parents": [],
            "short": "string",
            "name": "string",
            "parentShort": "",
            "parentName": ""
          },
          "inline": false,
          "linked": false,
          "modifiers": {
            "mutable": false,
            "optional": false,
            "optionalPost": false,
            "optionalPut": false,
            "optionalGet": false,
            "output": false,
            "queryonly": false,
            "query": false,
            "representation": false
          },
          "constraints": {}
        },
        {
          "name": "number",
          "stringMap": false,
          "type": {
            "parents": [],
            "short": "int",
            "name": "int",
            "parentShort": "",
            "parentName": ""
          },
          "inline": false,
          "linked": false,
          "modifiers": {
            "mutable": false,
            "optional": true,
            "optionalPost": false,
            "optionalPut": false,
            "optionalGet": false,
            "output": false,
            "queryonly": false,
            "query": false,
            "representation": false
          },
          "constraints": {}
        }
      ],
      "operations": [
        {
          "operation": "POST",
          "errors": []
        },
        {
          "operation": "GET",
          "errors": []
        },
        {
          "operation": "EVENTS",
          "errors": []
        }
      ],
      "parents": [],
      "short": "v2/TestResource",
      "name": "v2/TestResource",
      "parentShort": "",
      "parentName": "",
      "secondary": false,
      "file": "events.reslang"
    },
    {
      "kind": "resource-like",
      "future": false,
      "singleton": false,
      "type": "subresource",
      "attributes": [
        {
          "name": "id",
          "stringMap": false,
          "type": {
            "parents": [],
            "short": "int",
            "name": "int",
            "parentShort": "",
            "parentName": ""
          },
          "inline": false,
          "linked": false,
          "modifiers": {
            "mutable": false,
            "optional": false,
            "optionalPost": false,
            "optionalPut": false,
            "optionalGet": false,
            "output": false,
            "queryonly": false,
            "query": false,
            "representation": false
          },
          "constraints": {}
        }
      ],
      "operations": [
        {
          "operation": "EVENTS",
          "errors": []
        }
      ],
      "parents": [
        "v2/TestResource"
      ],
      "short": "Foo",
      "name": "v2/TestResource::Foo",
      "parentShort": "v2/TestResource",
      "parentName": "v2/TestResource",
      "secondary": false,
      "file": "events.reslang"
    },
    {
      "kind": "event",
      "type": "event",
      "parents": [],
      "short": "StartSignal",
      "header": [
        {
          "name": "name",
          "stringMap": false,
          "type": {
            "parents": [],
            "short": "string",
            "name": "string",
            "parentShort": "",
            "parentName": ""
          },
          "inline": false,
          "linked": false,
          "modifiers": {
            "mutable": false,
            "optional": false,
            "optionalPost": false,
            "optionalPut": false,
            "optionalGet": false,
            "output": false,
            "queryonly": false,
            "query": false,
            "representation": false
          },
          "constraints": {
            "minLength": 10,
            "maxLength": 100
          }
        },
        {
          "name": "time",
          "stringMap": false,
          "type": {
            "parents": [],
            "short": "datetime",
            "name": "datetime",
            "parentShort": "",
            "parentName": ""
          },
          "inline": false,
          "linked": false,
          "modifiers": {
            "mutable": false,
            "optional": false,
            "optionalPost": false,
            "optionalPut": false,
            "optionalGet": false,
            "output": false,
            "queryonly": false,
            "query": false,
            "representation": false
          },
          "constraints": {}
        }
      ],
      "payload": [
        {
          "name": "name",
          "stringMap": false,
          "type": {
            "parents": [],
            "short": "string",
            "name": "string",
            "parentShort": "",
            "parentName": ""
          },
          "inline": false,
          "linked": false,
          "modifiers": {
            "mutable": false,
            "optional": false,
            "optionalPost": false,
            "optionalPut": false,
            "optionalGet": false,
            "output": false,
            "queryonly": false,
            "query": false,
            "representation": false
          },
          "constraints": {}
        },
        {
          "name": "address",
          "stringMap": false,
          "type": {
            "parents": [],
            "short": "string",
            "name": "string",
            "parentShort": "",
            "parentName": ""
          },
          "inline": false,
          "array": {
            "type": 1,
            "min": 1,
            "max": 10
          },
          "linked": false,
          "modifiers": {
            "mutable": false,
            "optional": false,
            "optionalPost": false,
            "optionalPut": false,
            "optionalGet": false,
            "output": false,
            "queryonly": false,
            "query": false,
            "representation": false
          },
          "constraints": {}
        }
      ],
      "name": "StartSignal",
      "parentShort": "",
      "parentName": "",
      "secondary": false,
      "file": "events.reslang"
    },
    {
      "kind": "event",
      "type": "event",
      "parents": [],
      "short": "v3/StopSignal",
      "header": [
        {
          "name": "header",
          "stringMap": false,
          "type": {
            "parents": [],
            "short": "Header",
            "name": "Header",
            "parentShort": "",
            "parentName": ""
          },
          "inline": true,
          "linked": false,
          "modifiers": {
            "mutable": false,
            "optional": false,
            "optionalPost": false,
            "optionalPut": false,
            "optionalGet": false,
            "output": false,
            "queryonly": false,
            "query": false,
            "representation": false
          },
          "constraints": {}
        }
      ],
      "payload": [
        {
          "name": "stopped",
          "stringMap": false,
          "type": {
            "parents": [],
            "short": "datetime",
            "name": "datetime",
            "parentShort": "",
            "parentName": ""
          },
          "inline": false,
          "linked": false,
          "modifiers": {
            "mutable": false,
            "optional": false,
            "optionalPost": false,
            "optionalPut": false,
            "optionalGet": false,
            "output": false,
            "queryonly": false,
            "query": false,
            "representation": false
          },
          "constraints": {}
        }
      ],
      "name": "v3/StopSignal",
      "parentShort": "",
      "parentName": "",
      "secondary": false,
      "file": "events.reslang"
    },
    {
      "kind": "structure",
      "type": "structure",
      "parents": [],
      "short": "Header",
      "attributes": [
        {
          "name": "a",
          "stringMap": false,
          "type": {
            "parents": [],
            "short": "int",
            "name": "int",
            "parentShort": "",
            "parentName": ""
          },
          "inline": false,
          "linked": false,
          "modifiers": {
            "mutable": false,
            "optional": false,
            "optionalPost": false,
            "optionalPut": false,
            "optionalGet": false,
            "output": false,
            "queryonly": false,
            "query": false,
            "representation": false
          },
          "constraints": {}
        },
        {
          "name": "b",
          "stringMap": false,
          "type": {
            "parents": [],
            "short": "long",
            "name": "long",
            "parentShort": "",
            "parentName": ""
          },
          "inline": false,
          "linked": false,
          "modifiers": {
            "mutable": false,
            "optional": false,
            "optionalPost": false,
            "optionalPut": false,
            "optionalGet": false,
            "output": false,
            "queryonly": false,
            "query": false,
            "representation": false
          },
          "constraints": {}
        }
      ],
      "name": "Header",
      "parentShort": "",
      "parentName": "",
      "secondary": false,
      "file": "events.reslang"
    },
    {
      "kind": "structure",
      "type": "structure",
      "parents": [],
      "short": "StandardError",
      "attributes": [
        {
          "name": "httpStatus",
          "comment": "HTTP error status code for this problem",
          "stringMap": false,
          "type": {
            "parents": [],
            "short": "int",
            "name": "int",
            "parentShort": "",
            "parentName": ""
          },
          "inline": false,
          "linked": false,
          "modifiers": {
            "mutable": false,
            "optional": false,
            "optionalPost": false,
            "optionalPut": false,
            "optionalGet": false,
            "output": false,
            "queryonly": false,
            "query": false,
            "representation": false
          },
          "constraints": {}
        },
        {
          "name": "errorCode",
          "comment": "Service specific error code, more granular",
          "stringMap": false,
          "type": {
            "parents": [],
            "short": "string",
            "name": "string",
            "parentShort": "",
            "parentName": ""
          },
          "inline": false,
          "linked": false,
          "modifiers": {
            "mutable": false,
            "optional": false,
            "optionalPost": false,
            "optionalPut": false,
            "optionalGet": false,
            "output": false,
            "queryonly": false,
            "query": false,
            "representation": false
          },
          "constraints": {}
        },
        {
          "name": "message",
          "comment": "General, human readable error message",
          "stringMap": false,
          "type": {
            "parents": [],
            "short": "string",
            "name": "string",
            "parentShort": "",
            "parentName": ""
          },
          "inline": false,
          "linked": false,
          "modifiers": {
            "mutable": false,
            "optional": false,
            "optionalPost": false,
            "optionalPut": false,
            "optionalGet": false,
            "output": false,
            "queryonly": false,
            "query": false,
            "representation": false
          },
          "constraints": {}
        }
      ],
      "name": "StandardError",
      "parentShort": "",
      "parentName": "",
      "secondary": false,
      "file": "local.reslang"
    }
  ],
  "diagrams": [
    {
      "diagram": "main",
      "include": [
        {
          "module": "events",
          "parents": [],
          "short": "reslang",
          "name": "events.reslang",
          "parentShort": "",
          "parentName": ""
        }
      ],
      "groups": []
    }
  ]
}
