{
  "$id": "https://schemas.liveramp.com/noroot",
  "$schema": "http://json-schema.org/draft-07/schema#",
  "definitions": {
    "BasicUnion": {
      "type": "object",
      "properties": {
        "type": {
          "type": "string"
        }
      },
      "discriminator": {
        "propertyName": "type",
        "mapping": {
          "myFirstStruct": "#/definitions/BasicUnionMyFirstStruct"
        }
      },
      "required": [
        "type",
        "attributeA"
      ]
    },
    "BasicUnionMyFirstStruct": {
      "allOf": [
        {
          "$ref": "#/definitions/BasicUnion"
        },
        {
          "type": "object",
          "properties": {
            "attributeA": {
              "type": "integer",
              "format": "int32"
            },
            "attributeB": {
              "type": "integer",
              "format": "int32"
            }
          }
        }
      ]
    },
    "MyFirstStruct": {
      "type": "object",
      "properties": {
        "attributeA": {
          "type": "integer",
          "format": "int32"
        },
        "attributeB": {
          "type": "integer",
          "format": "int32"
        }
      },
      "required": [
        "attributeA"
      ]
    },
    "NormalUnion": {
      "type": "object",
      "properties": {
        "type": {
          "type": "string"
        }
      },
      "discriminator": {
        "propertyName": "type",
        "mapping": {
          "mySecondStruct": "#/definitions/NormalUnionMySecondStruct",
          "myThirdStruct": "#/definitions/NormalUnionMyThirdStruct"
        }
      },
      "required": [
        "type",
        "attributeC",
        "attributeE"
      ]
    },
    "NormalUnionMySecondStruct": {
      "allOf": [
        {
          "$ref": "#/definitions/NormalUnion"
        },
        {
          "type": "object",
          "properties": {
            "attributeC": {
              "type": "string"
            },
            "attributeD": {
              "type": "string"
            }
          }
        }
      ]
    },
    "NormalUnionMyThirdStruct": {
      "allOf": [
        {
          "$ref": "#/definitions/NormalUnion"
        },
        {
          "type": "object",
          "properties": {
            "attributeE": {
              "type": "string"
            }
          }
        }
      ]
    },
    "MySecondStruct": {
      "type": "object",
      "properties": {
        "attributeC": {
          "type": "string"
        },
        "attributeD": {
          "type": "string"
        }
      },
      "required": [
        "attributeC"
      ]
    },
    "MyThirdStruct": {
      "type": "object",
      "properties": {
        "attributeE": {
          "type": "string"
        }
      },
      "required": [
        "attributeE"
      ]
    }
  }
}
