openapi: 3.0.1
info:
  title: MultiplicityAPI
  description: Multiplicity test
  version: 0.0.1
servers:
  - description: ''
    url: 'https://api.liveramp.com/multiplicity'
tags:
  - name: MTest
    description: '(resource)  '
paths:
  /v1/m-tests:
    post:
      tags:
        - MTest
      operationId: Create MTest
      description: ''
      requestBody:
        content:
          application/json:
            schema:
              $ref: '#/components/schemas/MTestInput'
      responses:
        '201':
          description: MTest created successfully
          content:
            application/json:
              schema:
                type: object
                properties:
                  id:
                    type: string
components:
  parameters: {}
  schemas:
    MTestInput:
      type: object
      properties:
        names:
          items:
            type: string
          minItems: 1
          maxItems: 10
          type: array
        ages:
          items:
            type: integer
            format: int32
          minItems: 13
          type: array
        addresses:
          items:
            type: string
          maxItems: 3
          type: array
        nicknames:
          items:
            type: string
          type: array
      required:
        - names
        - ages
        - addresses
        - nicknames
    StandardError:
      type: object
      properties:
        httpStatus:
          description: HTTP error status code for this problem
          type: integer
          format: int32
        errorCode:
          description: 'Service specific error code, more granular'
          type: string
        message:
          description: 'General, human readable error message'
          type: string
      required:
        - httpStatus
        - errorCode
        - message

