digraph G { 
        graph [fontname = "helvetica"];
        node [fontname = "helvetica"];
        edge [fontname = "helvetica"];
        node [shape=none];
"Car" [label=<
                    <table border="3" cellborder="0" cellspacing="1" style='rounded'  bgcolor='#ffffcc'> 
                    <tr><td><b>Car  </b></td></tr><hr/><tr><td align="left">id: int</td></tr><tr><td align="left">bought: date (out)</td></tr><tr><td align="left">brand: BrandEnum</td></tr><tr><td align="right"><font color="#0000ff" point-size="8"> POST GET MULTIGET id brand</font></td></tr></table>>];
"Specification" [label=<
                    <table border="1" cellborder="0" cellspacing="1"   > 
                    <tr><td><b>Specification  </b></td></tr><hr/><tr><td align="left">type: string</td></tr><tr><td align="left">documentation: string</td></tr></table> >];
"Wheel" [label=<
                    <table border="1" cellborder="0" cellspacing="1" style='rounded'  > 
                    <tr><td><b>Wheel  </b></td></tr><hr/><tr><td align="left">id: int</td></tr><tr><td align="left">radius: double</td></tr><tr><td align="right"><font color="#0000ff" point-size="8"> GET PUT POST MULTIGET id</font></td></tr></table>>];
"Car" -> "Wheel" [dir="back" arrowtail="ediamond" label=< <font point-size="8">subresource</font> >];
"BrandEnum" [label=<
                    <table border="1" cellborder="0" cellspacing="1" >
                    <tr><td align="left"><b>BrandEnum  </b></td></tr><hr/><tr><td align="left">TOYOTA</td></tr><tr><td align="left">FORD</td></tr></table>>];
"Garage" [label=<
                    <table border="3" cellborder="0" cellspacing="1" style='rounded' color='gray' bgcolor='#ffffcc'> 
                    <tr><td><b>Garage  </b></td></tr></table>>];
"Car" -> "Specification" [dir="back" arrowtail="diamond" label=< <font point-size="8"> engine</font> >];
"Car" -> "Specification" [dir="back" arrowtail="diamond" label=< <font point-size="8"> components[]</font> >];
"Car" -> "Garage" [label=< <font point-size="8"> home</font> > arrowhead="vee"];
"Car" -> "Garage" [label=< <font point-size="8"> rented[]</font> > arrowhead="vee"];
}
